// Jest Snapshot v1, https://goo.gl/fbAQLP

exports[`HomePage test suite should be render correctly  1`] = `
<div>
  <div
    class="Container"
  >
    <span
      aria-busy="true"
      aria-live="polite"
    >
      <span
        class="react-loading-skeleton SkeletonCharacterCard"
      >
        ‌
      </span>
      <br />
    </span>
    <span
      aria-busy="true"
      aria-live="polite"
    >
      <span
        class="react-loading-skeleton SkeletonCharacterCard"
      >
        ‌
      </span>
      <br />
    </span>
    <span
      aria-busy="true"
      aria-live="polite"
    >
      <span
        class="react-loading-skeleton SkeletonCharacterCard"
      >
        ‌
      </span>
      <br />
    </span>
    <span
      aria-busy="true"
      aria-live="polite"
    >
      <span
        class="react-loading-skeleton SkeletonCharacterCard"
      >
        ‌
      </span>
      <br />
    </span>
    <span
      aria-busy="true"
      aria-live="polite"
    >
      <span
        class="react-loading-skeleton SkeletonCharacterCard"
      >
        ‌
      </span>
      <br />
    </span>
    <span
      aria-busy="true"
      aria-live="polite"
    >
      <span
        class="react-loading-skeleton SkeletonCharacterCard"
      >
        ‌
      </span>
      <br />
    </span>
    <span
      aria-busy="true"
      aria-live="polite"
    >
      <span
        class="react-loading-skeleton SkeletonCharacterCard"
      >
        ‌
      </span>
      <br />
    </span>
    <span
      aria-busy="true"
      aria-live="polite"
    >
      <span
        class="react-loading-skeleton SkeletonCharacterCard"
      >
        ‌
      </span>
      <br />
    </span>
  </div>
</div>
`;
